 * Serving Flask app 'app'
 * Debug mode: on
[31m[1mWARNING: This is a development server. Do not use it in a production deployment. Use a production WSGI server instead.[0m
 * Running on http://127.0.0.1:8080
[33mPress CTRL+C to quit[0m
 * Restarting with stat
 * Debugger is active!
 * Debugger PIN: 214-575-812
Traceback (most recent call last):
  File "/Users/terrydevries/Projects/summarizer-backend-v0.2/app.py", line 28, in <module>
    app.run(host="127.0.0.1", port=port, debug=True)
  File "/Users/terrydevries/Library/Python/3.9/lib/python/site-packages/flask/app.py", line 662, in run
    run_simple(t.cast(str, host), port, self, **options)
  File "/Users/terrydevries/Library/Python/3.9/lib/python/site-packages/werkzeug/serving.py", line 1115, in run_simple
    run_with_reloader(
  File "/Users/terrydevries/Library/Python/3.9/lib/python/site-packages/werkzeug/_reloader.py", line 459, in run_with_reloader
    ensure_echo_on()
  File "/Users/terrydevries/Library/Python/3.9/lib/python/site-packages/werkzeug/_reloader.py", line 439, in ensure_echo_on
    termios.tcsetattr(sys.stdin, termios.TCSANOW, attributes)
termios.error: (4, 'Interrupted system call')
